[www.intergraficachile.com/index.html]
[backblue.gif]
[fade.gif]
[index.html]
[www.intergraficachile.com/feed/index.html]
[www.intergraficachile.com/comments/feed/index.html]
[www.intergraficachile.com/wp-includes/js/jquery/jquery.minf43b.js]
[www.intergraficachile.com/wp-includes/js/jquery/jquery-migrate.min5589.js]
[www.intergraficachile.com/wp-content/themes/nur/assets/libs/modernizr-custom/modernizr-custom.min744a.js]
[www.intergraficachile.com/wp-json/index.html]
[www.intergraficachile.com/wp-json/wp/v2/pages/3023.json]
[www.intergraficachile.com/xmlrpc0db0.php]
[www.intergraficachile.com/wp-json/oembed/1.0/embeda144.json]
[www.intergraficachile.com/wp-json/oembed/1.0/embed3ed3]
[www.intergraficachile.com/wp-content/uploads/2019/06/cropped-logo-1-32x32.png]
[www.intergraficachile.com/wp-content/uploads/2019/06/cropped-logo-1-192x192.png]
[www.intergraficachile.com/wp-content/uploads/2019/06/cropped-logo-1-180x180.png]
[www.intergraficachile.com/wp-content/uploads/2024/08/ser25072.jpg]
[www.intergraficachile.com/wp-content/uploads/2024/08/cropped-header.jpg]
[www.intergraficachile.com/maquinaria-grafica/index.html]
[www.intergraficachile.com/efi/index.html]
[www.intergraficachile.com/nuestra-empresa/index.html]
[www.intergraficachile.com/wp-content/plugins/revslider/sr6/assets/assets/dummy.png]
[www.intergraficachile.com/efi/efi-low-end/index.html]
[www.intergraficachile.com/efi/efi-rollo-a-rollo/index.html]
[www.intergraficachile.com/efi/efi-hibridas/index.html]
[www.intergraficachile.com/efi/efi-textiles/index.html]
[www.intergraficachile.com/wp-content/uploads/2023/09/SC-S80600L_headon_690x460.18.delayed]
[www.intergraficachile.com/efi/efi-carton-corrugado/index.html]
[www.intergraficachile.com/efi/vutek-de-gran-volumen/index.html]
[www.intergraficachile.com/efi/efi-impresoras-rotativas-de-supergranformato/index.html]
[www.intergraficachile.com/wp-content/uploads/2019/07/S2-75_03.jpg]
[www.intergraficachile.com/summa/index.html]
[www.intergraficachile.com/summa/mesas-de-terminacion-y-corte/index.html]
[www.intergraficachile.com/summa/plotters-de-corte-para-materiales-flexibles/index.html]
[www.intergraficachile.com/wp-content/uploads/2020/07/S2_05.jpg]
[www.intergraficachile.com/nilpeter/index.html]
[www.intergraficachile.com/nilpeter/prensas-flexograficas/index.html]
[www.intergraficachile.com/maquinaria-grafica/epson/index.html]
[www.intergraficachile.com/maquinaria-grafica/epson/wide-format/index.html]
[www.intergraficachile.com/wp-content/uploads/2019/07/Foil_02.1b.delayed]
[www.intergraficachile.com/maquinaria-grafica/epson/label/index.html]
[www.intergraficachile.com/suministros/folias-interfoil/index.html]
[www.intergraficachile.com/suministros/index.html]
[www.intergraficachile.com/wp-content/uploads/2022/05/30h_6.1c.delayed]
[www.intergraficachile.com/suministros/mallas-serigraficas-uniprints/index.html]
[www.intergraficachile.com/suministros/siegwerk/index.html]
[www.intergraficachile.com/suministros/eggen/index.html]
[www.intergraficachile.com/servicio-postventa/index.html]
[www.intergraficachile.com/wp-content/uploads/2024/08/MEECH-1.1d.delayed]
[www.intergraficachile.com/service/construction-consultancy/index.html]
[www.intergraficachile.com/contactanos/index.html]
[www.intergraficachile.com/service/solar-panels-installation/index.html]
[www.intergraficachile.com/wp-content/uploads/2024/08/EFI-1.jpg]
[www.intergraficachile.com/service/wind-power-plant-installation/index.html]
[www.intergraficachile.com/services/index.html]
[www.intergraficachile.com/wp-content/uploads/2024/08/NILPETER-1.jpg]
[www.intergraficachile.com/wp-content/uploads/2024/08/EPSON-1.jpg]
[www.intergraficachile.com/wp-content/uploads/2024/08/HEAFORD-1.jpg]
[www.intergraficachile.com/wp-content/uploads/2024/08/ABG-1.jpg]
[www.intergraficachile.com/wp-content/uploads/2024/08/SUMMA-1.jpg]
[www.intergraficachile.com/wp-content/uploads/2024/08/footer.jpg]
[www.intergraficachile.com/info@intergraficachile.25.delayed]
[www.intergraficachile.com/wp-content/plugins/revslider/sr6/assets/fonts/revicons/revicons90c6.woff]
[www.intergraficachile.com/wp-includes/js/dist/hooks.min4fdd.js]
[www.intergraficachile.com/wp-includes/js/dist/i18n.minc33c.js]
[www.intergraficachile.com/wp-content/plugins/contact-form-7/includes/swv/js/indexfc7a.js]
[www.intergraficachile.com/wp-content/plugins/contact-form-7/includes/js/indexfc7a.js]
[www.intergraficachile.com/wp-content/plugins/revslider/sr6/assets/js/rbtools.minefd5.js]
[www.intergraficachile.com/wp-content/plugins/revslider/sr6/assets/js/rs6.minefd5.js]
[www.intergraficachile.com/wp-content/themes/nur/assets/libs/countup/countUp.minc801.js]
[www.intergraficachile.com/wp-content/themes/nur/assets/libs/fitvids/fitvids.mine1fc.js]
[www.intergraficachile.com/wp-content/themes/nur/assets/libs/flickity/flickity.pkgd.min77e6.js]
[www.intergraficachile.com/wp-content/themes/nur/assets/libs/isotope/isotope.pkgd.min7c45.js]
[www.intergraficachile.com/wp-content/themes/nur/assets/libs/jarallax/jarallax.min5392.js]
[www.intergraficachile.com/wp-content/themes/nur/assets/libs/jarallax/jarallax-video.min5392.js]
[www.intergraficachile.com/wp-content/themes/nur/assets/libs/waypoints/jquery.waypoints.minf39e.js]
[www.intergraficachile.com/wp-content/themes/nur/assets/js/scripts744a.js]
[www.intergraficachile.com/wp-content/plugins/js_composer/assets/js/dist/js_composer_front.min7035.js]
[www.intergraficachile.com/wp-content/plugins/js_composer/assets/lib/vc/vc_carousel/js/transition.min7035.js]
[www.intergraficachile.com/wp-content/plugins/js_composer/assets/lib/vc/vc_carousel/js/vc_carousel.min7035.js]
[www.intergraficachile.com/wp-content/plugins/js_composer/assets/lib/vendor/node_modules/lightbox2/dist/js/lightbox.min7035.js]
[www.intergraficachile.com/index.html]
[www.intergraficachile.com/xmlrpc.php]
[www.intergraficachile.com/wp-includes/css/dist/block-library/style.min6c2d.css]
[www.intergraficachile.com/wp-content/plugins/contact-form-7/includes/css/stylesfc7a.css]
[www.intergraficachile.com/wp-content/themes/nur/assets/libs/font-awesome/fonts/fontawesome-webfont3e6e.eot]
[www.intergraficachile.com/wp-content/themes/nur/assets/libs/font-awesome/fonts/fontawesome-webfontd41d.eot]
[www.intergraficachile.com/wp-content/themes/nur/assets/libs/font-awesome/fonts/fontawesome-webfont3e6e.woff2]
[www.intergraficachile.com/wp-content/themes/nur/assets/libs/font-awesome/fonts/fontawesome-webfont3e6e.woff]
[www.intergraficachile.com/wp-content/themes/nur/assets/libs/font-awesome/fonts/fontawesome-webfont3e6e.ttf]
[www.intergraficachile.com/wp-content/themes/nur/assets/libs/font-awesome/css/font-awesome.min1849.css]
[www.intergraficachile.com/wp-content/plugins/nur-plugin/assets/libs/themify-icons/fonts/themify.eot]
[www.intergraficachile.com/wp-content/plugins/nur-plugin/assets/libs/themify-icons/fonts/themifyd41d.eot]
[www.intergraficachile.com/wp-content/plugins/nur-plugin/assets/libs/themify-icons/fonts/themify.woff]
[www.intergraficachile.com/wp-content/plugins/nur-plugin/assets/libs/themify-icons/fonts/themify.ttf]
[www.intergraficachile.com/wp-content/plugins/nur-plugin/assets/libs/themify-icons/themify-iconsf269.css]
[www.intergraficachile.com/wp-content/themes/nur/assets/libs/typicons/typicons.eot]
[www.intergraficachile.com/wp-content/themes/nur/assets/libs/typicons/typiconsd41d.eot]
[www.intergraficachile.com/wp-content/themes/nur/assets/libs/typicons/typicons.woff]
[www.intergraficachile.com/wp-content/themes/nur/assets/libs/typicons/typicons.ttf]
[www.intergraficachile.com/wp-content/themes/nur/assets/libs/typicons/typicons.min5d0a.css]
[www.intergraficachile.com/wp-content/themes/nur/assets/libs/flickity/flickity.min77e6.css]
[www.intergraficachile.com/wp-content/themes/nur/assets/css/styles744a.css]
[www.intergraficachile.com/wp-content/plugins/js_composer/assets/vc/alert.png]
[www.intergraficachile.com/wp-content/plugins/js_composer/assets/vc/info.png]
[www.intergraficachile.com/wp-content/plugins/js_composer/assets/vc/tick.png]
[www.intergraficachile.com/wp-content/plugins/js_composer/assets/vc/exclamation.png]
[www.intergraficachile.com/wp-content/plugins/js_composer/assets/images/icons/address-book.png]
[www.intergraficachile.com/wp-content/plugins/js_composer/assets/images/icons/alarm-clock.png]
[www.intergraficachile.com/wp-content/plugins/js_composer/assets/images/icons/anchor.png]
[www.intergraficachile.com/wp-content/plugins/js_composer/assets/images/icons/application-image.png]
[www.intergraficachile.com/wp-content/plugins/js_composer/assets/images/icons/arrow.png]
[www.intergraficachile.com/wp-content/plugins/js_composer/assets/images/icons/asterisk.png]
[www.intergraficachile.com/wp-content/plugins/js_composer/assets/images/icons/auction-hammer.png]
[www.intergraficachile.com/wp-content/plugins/js_composer/assets/images/icons/balloon.png]
[www.intergraficachile.com/wp-content/plugins/js_composer/assets/images/icons/balloon-buzz.png]
[www.intergraficachile.com/wp-content/plugins/js_composer/assets/images/icons/balloon-facebook.png]
[www.intergraficachile.com/wp-content/plugins/js_composer/assets/images/icons/balloon-twitter.png]
[www.intergraficachile.com/wp-content/plugins/js_composer/assets/images/icons/battery-full.png]
[www.intergraficachile.com/wp-content/plugins/js_composer/assets/images/icons/binocular.png]
[www.intergraficachile.com/wp-content/plugins/js_composer/assets/images/icons/blue-document-excel.png]
[www.intergraficachile.com/wp-content/plugins/js_composer/assets/images/icons/blue-document-image.png]
[www.intergraficachile.com/wp-content/plugins/js_composer/assets/images/icons/blue-document-music.png]
[www.intergraficachile.com/wp-content/plugins/js_composer/assets/images/icons/blue-document-office.png]
[www.intergraficachile.com/wp-content/plugins/js_composer/assets/images/icons/blue-document-pdf.png]
[www.intergraficachile.com/wp-content/plugins/js_composer/assets/images/icons/blue-document-powerpoint.png]
[www.intergraficachile.com/wp-content/plugins/js_composer/assets/images/icons/blue-document-word.png]
[www.intergraficachile.com/wp-content/plugins/js_composer/assets/images/icons/bookmark.png]
[www.intergraficachile.com/wp-content/plugins/js_composer/assets/images/icons/camcorder.png]
[www.intergraficachile.com/wp-content/plugins/js_composer/assets/images/icons/camera.png]
[www.intergraficachile.com/wp-content/plugins/js_composer/assets/images/icons/chart.png]
[www.intergraficachile.com/wp-content/plugins/js_composer/assets/images/icons/chart-pie.png]
[www.intergraficachile.com/wp-content/plugins/js_composer/assets/images/icons/clock.png]
[www.intergraficachile.com/wp-content/plugins/js_composer/assets/images/icons/control.png]
[www.intergraficachile.com/wp-content/plugins/js_composer/assets/images/icons/fire.png]
[www.intergraficachile.com/wp-content/plugins/js_composer/assets/images/icons/heart.png]
[www.intergraficachile.com/wp-content/plugins/js_composer/assets/images/icons/mail.png]
[www.intergraficachile.com/wp-content/plugins/js_composer/assets/images/icons/plus-shield.png]
[www.intergraficachile.com/wp-content/plugins/js_composer/assets/images/icons/video.png]
[www.intergraficachile.com/wp-content/plugins/js_composer/assets/fonts/vc_icons_v2/fonts/vcpb-plugin-iconsb82a.eot]
[www.intergraficachile.com/wp-content/plugins/js_composer/assets/fonts/vc_icons_v2/fonts/vcpb-plugin-iconsb82a.ttf]
[www.intergraficachile.com/wp-content/plugins/js_composer/assets/fonts/vc_icons_v2/fonts/vcpb-plugin-iconsb82a.woff]
[www.intergraficachile.com/wp-content/plugins/js_composer/assets/images/toggle_open.png]
[www.intergraficachile.com/wp-content/plugins/js_composer/assets/images/toggle_close.png]
[www.intergraficachile.com/wp-content/plugins/js_composer/assets/images/flickr.png]
[www.intergraficachile.com/wp-content/plugins/js_composer/assets/fonts/vc_grid/vc_grid_v157a1.eot]
[www.intergraficachile.com/wp-content/plugins/js_composer/assets/fonts/vc_grid/vc_grid_v1d41d.eot]
[www.intergraficachile.com/wp-content/plugins/js_composer/assets/fonts/vc_grid/vc_grid_v157a1.woff]
[www.intergraficachile.com/wp-content/plugins/js_composer/assets/fonts/vc_grid/vc_grid_v157a1.ttf]
[www.intergraficachile.com/wp-content/plugins/js_composer/assets/images/spinner.gif]
[www.intergraficachile.com/wp-content/plugins/js_composer/assets/vc/remove.png]
[www.intergraficachile.com/wp-content/uploads/js_composer/js_composer_front_custom7035.css]
[www.intergraficachile.com/wp-json/wp/v2/pages/108.json]
[www.intergraficachile.com/wp-json/oembed/1.0/embed4304.json]
[www.intergraficachile.com/wp-json/oembed/1.0/embedd6c6]
[www.intergraficachile.com/wp-content/uploads/2019/07/cropped-D140_03.jpg]
[www.intergraficachile.com/wp-content/uploads/2019/07/f1_2-300x300.png]
[www.intergraficachile.com/wp-content/uploads/2022/09/m-augustin-300x300.jpg]
[www.intergraficachile.com/wp-content/uploads/2024/08/sebastian-rosero.png]
[www.intergraficachile.com/wp-content/uploads/2022/05/f4-p-olave-300x300.png]
[www.intergraficachile.com/wp-content/uploads/2024/08/omar-estrada.png]
[www.intergraficachile.com/wp-content/uploads/2024/08/robertopablo.png]
[www.intergraficachile.com/wp-content/uploads/2024/08/fernandoreyes.png]
[www.intergraficachile.com/wp-content/uploads/2024/08/francisco-araya.png]
[www.intergraficachile.com/wp-content/uploads/2024/08/oscarlima-250x250.png]
[www.intergraficachile.com/wp-content/uploads/2019/08/a2.png]
[www.intergraficachile.com/wp-content/uploads/2019/08/l2.png]
[www.intergraficachile.com/wp-content/uploads/2019/08/l1.png]
[www.intergraficachile.com/wp-content/uploads/2022/05/samuel-vivanco-300x300.png]
[www.intergraficachile.com/wp-content/uploads/2022/05/denis-acosta-300x300.png]
[www.intergraficachile.com/nuestra-empresa/info@intergraficachile.c8.delayed]
[www.intergraficachile.com/nuestra-empresa/index.html]
[www.intergraficachile.com/wp-json/wp/v2/pages/686.json]
[www.intergraficachile.com/wp-json/oembed/1.0/embed72d8.json]
[www.intergraficachile.com/wp-json/oembed/1.0/embed0df0]
[www.intergraficachile.com/maquinaria-grafica/info@intergraficachile.cc.delayed]
[www.intergraficachile.com/maquinaria-grafica/index.html]
[www.intergraficachile.com/wp-json/wp/v2/pages/279.json]
[www.intergraficachile.com/wp-json/oembed/1.0/embed6dd5.json]
[www.intergraficachile.com/wp-json/oembed/1.0/embed6ecd]
[www.intergraficachile.com/efi/info@intergraficachile.d0.delayed]
[www.intergraficachile.com/efi/index.html]
[www.intergraficachile.com/wp-json/wp/v2/pages/361.json]
[www.intergraficachile.com/wp-json/oembed/1.0/embedbf9d.json]
[www.intergraficachile.com/wp-json/oembed/1.0/embed75a5]
[www.intergraficachile.com/efi/efi-low-end/info@intergraficachile.d4.delayed]
[www.intergraficachile.com/efi/efi-low-end/index.html]
[www.intergraficachile.com/wp-json/wp/v2/pages/397.json]
[www.intergraficachile.com/wp-json/oembed/1.0/embedec21.json]
[www.intergraficachile.com/wp-json/oembed/1.0/embedb80b]
[www.intergraficachile.com/efi/efi-rollo-a-rollo/info@intergraficachile.d8.delayed]
[www.intergraficachile.com/efi/efi-rollo-a-rollo/index.html]
[www.intergraficachile.com/wp-json/wp/v2/pages/399.json]
[www.intergraficachile.com/wp-json/oembed/1.0/embed7863.json]
[www.intergraficachile.com/wp-json/oembed/1.0/embede119]
[www.intergraficachile.com/efi/efi-hibridas/info@intergraficachile.dc.delayed]
[www.intergraficachile.com/efi/efi-hibridas/index.html]
[www.intergraficachile.com/wp-json/wp/v2/pages/625.json]
[www.intergraficachile.com/wp-json/oembed/1.0/embed8e6c.json]
[www.intergraficachile.com/wp-json/oembed/1.0/embed293e]
[www.intergraficachile.com/efi/efi-textiles/info@intergraficachile.e0.delayed]
[www.intergraficachile.com/efi/efi-textiles/index.html]
[www.intergraficachile.com/wp-json/wp/v2/pages/401.json]
[www.intergraficachile.com/wp-json/oembed/1.0/embed2736.json]
[www.intergraficachile.com/wp-json/oembed/1.0/embedfd99]
[www.intergraficachile.com/efi/efi-carton-corrugado/info@intergraficachile.e4.delayed]
[www.intergraficachile.com/efi/efi-carton-corrugado/index.html]
[www.intergraficachile.com/wp-json/wp/v2/pages/2839.json]
[www.intergraficachile.com/wp-json/oembed/1.0/embedea43.json]
[www.intergraficachile.com/wp-json/oembed/1.0/embedf552]
[www.intergraficachile.com/efi/vutek-de-gran-volumen/info@intergraficachile.e8.delayed]
[www.intergraficachile.com/efi/vutek-de-gran-volumen/index.html]
[www.intergraficachile.com/wp-json/wp/v2/pages/2856.json]
[www.intergraficachile.com/wp-json/oembed/1.0/embed774e.json]
[www.intergraficachile.com/wp-json/oembed/1.0/embed1ccd]
[www.intergraficachile.com/efi/efi-impresoras-rotativas-de-supergranformato/info@intergraficachile.ec.delayed]
[www.intergraficachile.com/efi/efi-impresoras-rotativas-de-supergranformato/index.html]
[www.intergraficachile.com/wp-json/wp/v2/pages/2177.json]
[www.intergraficachile.com/wp-json/oembed/1.0/embed572b.json]
[www.intergraficachile.com/wp-json/oembed/1.0/embed399d]
[www.intergraficachile.com/summa/info@intergraficachile.f0.delayed]
[www.intergraficachile.com/summa/index.html]
[www.intergraficachile.com/wp-json/wp/v2/pages/2182.json]
[www.intergraficachile.com/wp-json/oembed/1.0/embed7918.json]
[www.intergraficachile.com/wp-json/oembed/1.0/embed37f1]
[www.intergraficachile.com/summa/mesas-de-terminacion-y-corte/info@intergraficachile.f4.delayed]
[www.intergraficachile.com/summa/mesas-de-terminacion-y-corte/index.html]
[www.intergraficachile.com/wp-json/wp/v2/pages/2184.json]
[www.intergraficachile.com/wp-json/oembed/1.0/embede258.json]
[www.intergraficachile.com/wp-json/oembed/1.0/embed53ab]
[www.intergraficachile.com/summa/plotters-de-corte-para-materiales-flexibles/info@intergraficachile.f8.delayed]
[www.intergraficachile.com/summa/plotters-de-corte-para-materiales-flexibles/index.html]
[www.intergraficachile.com/wp-json/wp/v2/pages/648.json]
[www.intergraficachile.com/wp-json/oembed/1.0/embed8787.json]
[www.intergraficachile.com/wp-json/oembed/1.0/embed7855]
[www.intergraficachile.com/nilpeter/info@intergraficachile.fc.delayed]
[www.intergraficachile.com/nilpeter/index.html]
[www.intergraficachile.com/wp-json/wp/v2/pages/665.json]
[www.intergraficachile.com/wp-json/oembed/1.0/embed4cf7.json]
[www.intergraficachile.com/wp-json/oembed/1.0/embedf1c1]
[www.intergraficachile.com/nilpeter/prensas-flexograficas/info@intergraficachile.100.delayed]
[www.intergraficachile.com/nilpeter/prensas-flexograficas/index.html]
[www.intergraficachile.com/wp-json/wp/v2/pages/2768.json]
[www.intergraficachile.com/wp-json/oembed/1.0/embedbabc.json]
[www.intergraficachile.com/wp-json/oembed/1.0/embed2e28]
[www.intergraficachile.com/maquinaria-grafica/epson/info@intergraficachile.104.delayed]
[www.intergraficachile.com/maquinaria-grafica/epson/index.html]
[www.intergraficachile.com/wp-json/wp/v2/pages/2771.json]
[www.intergraficachile.com/wp-json/oembed/1.0/embed795f.json]
[www.intergraficachile.com/wp-json/oembed/1.0/embeddb6e]
[www.intergraficachile.com/maquinaria-grafica/epson/wide-format/info@intergraficachile.108.delayed]
[www.intergraficachile.com/maquinaria-grafica/epson/wide-format/index.html]
[www.intergraficachile.com/wp-json/wp/v2/pages/2820.json]
[www.intergraficachile.com/wp-json/oembed/1.0/embed4f18.json]
[www.intergraficachile.com/wp-json/oembed/1.0/embed48d4]
[www.intergraficachile.com/maquinaria-grafica/epson/label/info@intergraficachile.10c.delayed]
[www.intergraficachile.com/maquinaria-grafica/epson/label/index.html]
[www.intergraficachile.com/wp-json/wp/v2/pages/684.json]
[www.intergraficachile.com/wp-json/oembed/1.0/embed40b0.json]
[www.intergraficachile.com/wp-json/oembed/1.0/embedca22]
[www.intergraficachile.com/suministros/info@intergraficachile.110.delayed]
[www.intergraficachile.com/suministros/index.html]
[www.intergraficachile.com/wp-json/wp/v2/pages/690.json]
[www.intergraficachile.com/wp-json/oembed/1.0/embed1c4c.json]
[www.intergraficachile.com/wp-json/oembed/1.0/embed7501]
[www.intergraficachile.com/wp-content/uploads/2019/08/Interfoil_logo.jpg]
[www.intergraficachile.com/suministros/folias-interfoil/info@intergraficachile.115.delayed]
[www.intergraficachile.com/suministros/folias-interfoil/index.html]
[www.intergraficachile.com/wp-json/wp/v2/pages/688.json]
[www.intergraficachile.com/wp-json/oembed/1.0/embed6df1.json]
[www.intergraficachile.com/wp-json/oembed/1.0/embed80ca]
[www.intergraficachile.com/wp-content/uploads/2024/08/unimesh.jpg]
[www.intergraficachile.com/wp-content/uploads/2024/08/istockphoto-519913201-1024x1024-transformed.jpg]
[www.intergraficachile.com/suministros/mallas-serigraficas-uniprints/info@intergraficachile.11b.delayed]
[www.intergraficachile.com/suministros/mallas-serigraficas-uniprints/index.html]
[www.intergraficachile.com/wp-json/wp/v2/pages/692.json]
[www.intergraficachile.com/wp-json/oembed/1.0/embed4a04.json]
[www.intergraficachile.com/wp-json/oembed/1.0/embedf47b]
[www.intergraficachile.com/wp-content/uploads/2019/08/Egen_1_aditivos.jpg]
[www.intergraficachile.com/wp-content/uploads/2019/08/Egen_3_emulsiones.jpg]
[www.intergraficachile.com/wp-content/uploads/2019/08/Egen_5_adhesivos.jpg]
[www.intergraficachile.com/wp-content/uploads/2019/08/Egen_7_filtros.jpg]
[www.intergraficachile.com/wp-content/uploads/2019/08/Egen_2_barnices.jpg]
[www.intergraficachile.com/wp-content/uploads/2019/08/Egen_4_limpieza.jpg]
[www.intergraficachile.com/wp-content/uploads/2019/08/Egen_6_hojas.jpg]
[www.intergraficachile.com/wp-content/uploads/2019/08/Egen_8_accesorios.jpg]
[www.intergraficachile.com/suministros/eggen/info@intergraficachile.127.delayed]
[www.intergraficachile.com/suministros/eggen/index.html]
[www.intergraficachile.com/wp-json/wp/v2/pages/2757.json]
[www.intergraficachile.com/wp-json/oembed/1.0/embedccc3.json]
[www.intergraficachile.com/wp-json/oembed/1.0/embedfcc5]
[www.intergraficachile.com/wp-content/uploads/2023/09/logo-socios-inicio.jpg]
[www.intergraficachile.com/suministros/siegwerk/info@intergraficachile.12c.delayed]
[www.intergraficachile.com/suministros/siegwerk/index.html]
[www.intergraficachile.com/wp-json/wp/v2/pages/446.json]
[www.intergraficachile.com/wp-json/oembed/1.0/embed0d2c.json]
[www.intergraficachile.com/wp-json/oembed/1.0/embeda0af]
[www.intergraficachile.com/wp-content/uploads/2022/09/m-augustin-200x200.jpg]
[www.intergraficachile.com/wp-content/uploads/2024/08/omar-estrada-200x200.png]
[www.intergraficachile.com/wp-content/uploads/2024/08/adrian-205x205.jpg]
[www.intergraficachile.com/wp-content/uploads/2019/08/t1-200x200.png]
[www.intergraficachile.com/servicio-postventa/info@intergraficachile.134.delayed]
[www.intergraficachile.com/servicio-postventa/index.html]
[www.intergraficachile.com/wp-json/wp/v2/pages/120.json]
[www.intergraficachile.com/wp-json/oembed/1.0/embed1a14.json]
[www.intergraficachile.com/wp-json/oembed/1.0/embed7ee5]
[www.intergraficachile.com/wp-content/uploads/2019/07/Foil_01.jpg]
[www.intergraficachile.com/contactanos/info@intergraficachile.139.delayed]
[www.intergraficachile.com/wp-content/plugins/js_composer/assets/lib/vc/vc_waypoints/vc-waypoints.min7035.js]
[www.intergraficachile.com/contactanos/index.html]
[www.intergraficachile.com/wp-json/wp/v2/service/89.json]
[www.intergraficachile.com/wp-json/oembed/1.0/embed8be0.json]
[www.intergraficachile.com/wp-json/oembed/1.0/embeda979]
[www.intergraficachile.com/service/construction-consultancy/info@intergraficachile.13f.delayed]
[www.intergraficachile.com/service/construction-consultancy/index.html]
[www.intergraficachile.com/wp-json/wp/v2/service/91.json]
[www.intergraficachile.com/wp-json/oembed/1.0/embedc412.json]
[www.intergraficachile.com/wp-json/oembed/1.0/embed72b5]
[www.intergraficachile.com/service/solar-panels-installation/info@intergraficachile.143.delayed]
[www.intergraficachile.com/service/solar-panels-installation/index.html]
[www.intergraficachile.com/wp-json/wp/v2/service/87.json]
[www.intergraficachile.com/wp-json/oembed/1.0/embed06c4.json]
[www.intergraficachile.com/wp-json/oembed/1.0/embedd973]
[www.intergraficachile.com/service/wind-power-plant-installation/info@intergraficachile.147.delayed]
[www.intergraficachile.com/service/wind-power-plant-installation/index.html]
[www.intergraficachile.com/wp-json/wp/v2/pages/19.json]
[www.intergraficachile.com/wp-json/oembed/1.0/embede74f.json]
[www.intergraficachile.com/wp-json/oembed/1.0/embed0b85]
[www.intergraficachile.com/services/info@intergraficachile.14b.delayed]
[www.intergraficachile.com/services/index.html]
[www.intergraficachile.com/info@intergraficachile.html]
[www.intergraficachile.com/wp-content/plugins/js_composer/assets/lib/vc/vc_carousel/css/vc_carousel.min7035.css]
[www.intergraficachile.com/wp-content/plugins/js_composer/assets/lib/vendor/node_modules/lightbox2/dist/images/loading.gif]
[www.intergraficachile.com/wp-content/plugins/js_composer/assets/lib/vendor/node_modules/lightbox2/dist/css/lightbox.min7035.css]
[www.intergraficachile.com/wp-content/plugins/revslider/sr6/assets/fonts/revicons/revicons90c6.eot]
[www.intergraficachile.com/wp-content/plugins/revslider/sr6/assets/fonts/revicons/revicons90c6.ttf]
[www.intergraficachile.com/wp-content/plugins/revslider/sr6/assets/assets/gridtile.png]
[www.intergraficachile.com/wp-content/plugins/revslider/sr6/assets/assets/gridtile_white.png]
[www.intergraficachile.com/wp-content/plugins/revslider/sr6/assets/assets/gridtile_3x3.png]
[www.intergraficachile.com/wp-content/plugins/revslider/sr6/assets/assets/gridtile_3x3_white.png]
[www.intergraficachile.com/wp-content/plugins/revslider/sr6/assets/assets/coloredbg.png]
[www.intergraficachile.com/wp-content/plugins/revslider/sr6/assets/assets/loader.gif]
[www.intergraficachile.com/wp-content/plugins/revslider/sr6/assets/css/rs6efd5.css]
[www.intergraficachile.com/wp-content/themes/nur/assets/libs/font-awesome/fonts/fontawesome-webfont3e6e.svg]
[www.intergraficachile.com/wp-content/plugins/nur-plugin/assets/libs/themify-icons/fonts/themify.svg]
[www.intergraficachile.com/wp-content/themes/nur/assets/libs/typicons/typicons.svg]
[www.intergraficachile.com/wp-content/plugins/js_composer/assets/fonts/vc_icons_v2/fonts/vcpb-plugin-iconsb82a.svg]
[www.intergraficachile.com/wp-content/plugins/js_composer/assets/vc/blur.svg]
[www.intergraficachile.com/wp-content/plugins/js_composer/assets/fonts/vc_grid/vc_grid_v157a1.svg]
[www.intergraficachile.com/index460d.html]
[www.intergraficachile.com/nuestra-empresa/info@intergraficachile.html]
[www.intergraficachile.com/index3f66.html]
[www.intergraficachile.com/maquinaria-grafica/info@intergraficachile.html]
[www.intergraficachile.com/index45c8.html]
[www.intergraficachile.com/efi/info@intergraficachile.html]
[www.intergraficachile.com/index76f0.html]
[www.intergraficachile.com/efi/efi-low-end/info@intergraficachile.html]
[www.intergraficachile.com/indexae62.html]
[www.intergraficachile.com/efi/efi-rollo-a-rollo/info@intergraficachile.html]
[www.intergraficachile.com/index0945.html]
[www.intergraficachile.com/efi/efi-hibridas/info@intergraficachile.html]
[www.intergraficachile.com/index8962.html]
[www.intergraficachile.com/efi/efi-textiles/info@intergraficachile.html]
[www.intergraficachile.com/indexfef8.html]
[www.intergraficachile.com/efi/efi-carton-corrugado/info@intergraficachile.html]
[www.intergraficachile.com/index2c27.html]
[www.intergraficachile.com/efi/vutek-de-gran-volumen/info@intergraficachile.html]
[www.intergraficachile.com/index261a.html]
[www.intergraficachile.com/efi/efi-impresoras-rotativas-de-supergranformato/info@intergraficachile.html]
[www.intergraficachile.com/index0264.html]
[www.intergraficachile.com/summa/info@intergraficachile.html]
[www.intergraficachile.com/index4978.html]
[www.intergraficachile.com/summa/mesas-de-terminacion-y-corte/info@intergraficachile.html]
[www.intergraficachile.com/indexcc85.html]
[www.intergraficachile.com/summa/plotters-de-corte-para-materiales-flexibles/info@intergraficachile.html]
[www.intergraficachile.com/index0ae0.html]
[www.intergraficachile.com/nilpeter/info@intergraficachile.html]
[www.intergraficachile.com/index2bcd.html]
[www.intergraficachile.com/nilpeter/prensas-flexograficas/info@intergraficachile.html]
[www.intergraficachile.com/index8f66.html]
[www.intergraficachile.com/maquinaria-grafica/epson/info@intergraficachile.html]
[www.intergraficachile.com/index2cf7.html]
[www.intergraficachile.com/maquinaria-grafica/epson/wide-format/info@intergraficachile.html]
[www.intergraficachile.com/indexa916.html]
[www.intergraficachile.com/maquinaria-grafica/epson/label/info@intergraficachile.html]
[www.intergraficachile.com/indexff9b.html]
[www.intergraficachile.com/suministros/info@intergraficachile.html]
[www.intergraficachile.com/index77b4.html]
[www.intergraficachile.com/suministros/folias-interfoil/info@intergraficachile.html]
[www.intergraficachile.com/index5723.html]
[www.intergraficachile.com/suministros/mallas-serigraficas-uniprints/info@intergraficachile.html]
[www.intergraficachile.com/index820c.html]
[www.intergraficachile.com/suministros/eggen/info@intergraficachile.html]
[www.intergraficachile.com/index334e.html]
[www.intergraficachile.com/suministros/siegwerk/info@intergraficachile.html]
[www.intergraficachile.com/index4fd2.html]
[www.intergraficachile.com/servicio-postventa/info@intergraficachile.html]
[www.intergraficachile.com/index2c90.html]
[www.intergraficachile.com/contactanos/info@intergraficachile.html]
[www.intergraficachile.com/wp-content/plugins/js_composer/assets/lib/vendor/node_modules/animate.css/animate.min7035.css]
[www.intergraficachile.com/index3fbb.html]
[www.intergraficachile.com/service/construction-consultancy/info@intergraficachile.html]
[www.intergraficachile.com/index5cfa.html]
[www.intergraficachile.com/service/solar-panels-installation/info@intergraficachile.html]
[www.intergraficachile.com/index5d38.html]
[www.intergraficachile.com/service/wind-power-plant-installation/info@intergraficachile.html]
[www.intergraficachile.com/index5831.html]
[www.intergraficachile.com/services/info@intergraficachile.html]
[www.intergraficachile.com/wp-content/plugins/revslider/sr6/assets/fonts/revicons/revicons90c6.svg]
[www.intergraficachile.com/wp-content/plugins/revslider/sr6/assets/css/openhand.html]
[www.intergraficachile.com/wp-content/plugins/revslider/sr6/assets/css/closedhand.html]
